TimeQuest Timing Analyzer report for bcd
Mon Apr 22 14:44:26 2013
Quartus II 64-Bit Version 12.1 Build 243 01/31/2013 Service Pack 1 SJ Web Edition


---------------------
; Table of Contents ;
---------------------
  1. Legal Notice
  2. TimeQuest Timing Analyzer Summary
  3. Clocks
  4. Slow 1200mV 85C Model Fmax Summary
  5. Slow 1200mV 85C Model Setup Summary
  6. Slow 1200mV 85C Model Hold Summary
  7. Slow 1200mV 85C Model Recovery Summary
  8. Slow 1200mV 85C Model Removal Summary
  9. Slow 1200mV 85C Model Minimum Pulse Width Summary
 10. Propagation Delay
 11. Minimum Propagation Delay
 12. Slow 1200mV 85C Model Metastability Report
 13. Slow 1200mV 0C Model Fmax Summary
 14. Slow 1200mV 0C Model Setup Summary
 15. Slow 1200mV 0C Model Hold Summary
 16. Slow 1200mV 0C Model Recovery Summary
 17. Slow 1200mV 0C Model Removal Summary
 18. Slow 1200mV 0C Model Minimum Pulse Width Summary
 19. Propagation Delay
 20. Minimum Propagation Delay
 21. Slow 1200mV 0C Model Metastability Report
 22. Fast 1200mV 0C Model Setup Summary
 23. Fast 1200mV 0C Model Hold Summary
 24. Fast 1200mV 0C Model Recovery Summary
 25. Fast 1200mV 0C Model Removal Summary
 26. Fast 1200mV 0C Model Minimum Pulse Width Summary
 27. Propagation Delay
 28. Minimum Propagation Delay
 29. Fast 1200mV 0C Model Metastability Report
 30. Multicorner Timing Analysis Summary
 31. Progagation Delay
 32. Minimum Progagation Delay
 33. Board Trace Model Assignments
 34. Input Transition Times
 35. Signal Integrity Metrics (Slow 1200mv 0c Model)
 36. Signal Integrity Metrics (Slow 1200mv 85c Model)
 37. Signal Integrity Metrics (Fast 1200mv 0c Model)
 38. Clock Transfers
 39. Report TCCS
 40. Report RSKM
 41. Unconstrained Paths
 42. TimeQuest Timing Analyzer Messages



----------------
; Legal Notice ;
----------------
Copyright (C) 1991-2012 Altera Corporation
Your use of Altera Corporation's design tools, logic functions 
and other software and tools, and its AMPP partner logic 
functions, and any output files from any of the foregoing 
(including device programming or simulation files), and any 
associated documentation or information are expressly subject 
to the terms and conditions of the Altera Program License 
Subscription Agreement, Altera MegaCore Function License 
Agreement, or other applicable license agreement, including, 
without limitation, that your use is for the sole purpose of 
programming logic devices manufactured by Altera and sold by 
Altera or its authorized distributors.  Please refer to the 
applicable agreement for further details.



+--------------------------------------------------------------------------------------+
; TimeQuest Timing Analyzer Summary                                                    ;
+--------------------+-----------------------------------------------------------------+
; Quartus II Version ; Version 12.1 Build 243 01/31/2013 Service Pack 1 SJ Web Edition ;
; Revision Name      ; bcd                                                             ;
; Device Family      ; Cyclone IV E                                                    ;
; Device Name        ; EP4CE115F29C7                                                   ;
; Timing Models      ; Final                                                           ;
; Delay Model        ; Combined                                                        ;
; Rise/Fall Delays   ; Enabled                                                         ;
+--------------------+-----------------------------------------------------------------+


----------
; Clocks ;
----------
No clocks to report.


--------------------------------------
; Slow 1200mV 85C Model Fmax Summary ;
--------------------------------------
No paths to report.


---------------------------------------
; Slow 1200mV 85C Model Setup Summary ;
---------------------------------------
No paths to report.


--------------------------------------
; Slow 1200mV 85C Model Hold Summary ;
--------------------------------------
No paths to report.


------------------------------------------
; Slow 1200mV 85C Model Recovery Summary ;
------------------------------------------
No paths to report.


-----------------------------------------
; Slow 1200mV 85C Model Removal Summary ;
-----------------------------------------
No paths to report.


-----------------------------------------------------
; Slow 1200mV 85C Model Minimum Pulse Width Summary ;
-----------------------------------------------------
No paths to report.


+--------------------------------------------------------------+
; Propagation Delay                                            ;
+------------+-------------+--------+--------+--------+--------+
; Input Port ; Output Port ; RR     ; RF     ; FR     ; FF     ;
+------------+-------------+--------+--------+--------+--------+
; x0         ; output[0]   ;        ; 12.174 ; 12.598 ;        ;
; x0         ; output[1]   ; 11.976 ;        ;        ; 12.383 ;
; x0         ; output[2]   ; 11.697 ;        ;        ; 12.118 ;
; x0         ; output[3]   ;        ; 8.778  ; 9.261  ;        ;
; x0         ; output[4]   ;        ; 8.483  ; 8.961  ;        ;
; x0         ; output[5]   ;        ; 11.175 ; 11.579 ;        ;
; x0         ; output[6]   ;        ; 9.875  ; 10.255 ;        ;
; x1         ; output[0]   ; 12.458 ; 12.417 ; 12.856 ; 12.923 ;
; x1         ; output[1]   ; 12.246 ;        ;        ; 12.704 ;
; x1         ; output[2]   ; 11.963 ; 11.985 ; 12.469 ; 12.377 ;
; x1         ; output[3]   ; 9.135  ; 9.034  ; 9.535  ; 9.542  ;
; x1         ; output[4]   ; 8.827  ;        ;        ; 9.239  ;
; x1         ; output[5]   ;        ; 11.497 ; 11.929 ;        ;
; x1         ; output[6]   ; 10.068 ; 10.167 ; 10.561 ; 10.605 ;
; x2         ; output[0]   ;        ; 12.449 ; 12.896 ;        ;
; x2         ; output[1]   ; 12.201 ; 12.140 ; 12.646 ; 12.661 ;
; x2         ; output[2]   ; 11.937 ;        ;        ; 12.372 ;
; x2         ; output[3]   ; 9.009  ; 9.062  ; 9.569  ; 9.447  ;
; x2         ; output[4]   ;        ; 8.762  ; 9.263  ;        ;
; x2         ; output[5]   ; 11.398 ;        ;        ; 11.885 ;
; x2         ; output[6]   ; 10.016 ; 10.121 ; 10.517 ; 10.549 ;
; x3         ; output[0]   ; 12.359 ; 12.356 ; 12.749 ; 12.737 ;
; x3         ; output[1]   ; 12.157 ; 12.109 ; 12.546 ; 12.489 ;
; x3         ; output[2]   ; 11.878 ; 11.843 ; 12.268 ; 12.224 ;
; x3         ; output[3]   ; 9.023  ; 8.960  ; 9.413  ; 9.341  ;
; x3         ; output[4]   ; 8.722  ;        ;        ; 9.046  ;
; x3         ; output[5]   ; 11.340 ;        ;        ; 11.737 ;
; x3         ; output[6]   ; 9.981  ;        ;        ; 10.445 ;
+------------+-------------+--------+--------+--------+--------+


+--------------------------------------------------------------+
; Minimum Propagation Delay                                    ;
+------------+-------------+--------+--------+--------+--------+
; Input Port ; Output Port ; RR     ; RF     ; FR     ; FF     ;
+------------+-------------+--------+--------+--------+--------+
; x0         ; output[0]   ;        ; 11.734 ; 12.146 ;        ;
; x0         ; output[1]   ; 11.599 ;        ;        ; 11.994 ;
; x0         ; output[2]   ; 11.278 ;        ;        ; 11.682 ;
; x0         ; output[3]   ;        ; 8.469  ; 8.935  ;        ;
; x0         ; output[4]   ;        ; 8.185  ; 8.648  ;        ;
; x0         ; output[5]   ;        ; 10.827 ; 11.213 ;        ;
; x0         ; output[6]   ;        ; 9.522  ; 9.888  ;        ;
; x1         ; output[0]   ; 12.011 ; 11.970 ; 12.394 ; 12.456 ;
; x1         ; output[1]   ; 11.819 ;        ;        ; 12.213 ;
; x1         ; output[2]   ; 11.535 ; 11.554 ; 12.021 ; 11.931 ;
; x1         ; output[3]   ; 8.741  ; 8.717  ; 9.199  ; 9.159  ;
; x1         ; output[4]   ; 8.519  ;        ;        ; 8.914  ;
; x1         ; output[5]   ;        ; 11.063 ; 11.463 ;        ;
; x1         ; output[6]   ; 9.708  ; 9.747  ; 10.113 ; 10.226 ;
; x2         ; output[0]   ;        ; 11.927 ; 12.355 ;        ;
; x2         ; output[1]   ; 11.814 ; 11.762 ; 12.245 ; 12.209 ;
; x2         ; output[2]   ; 11.493 ;        ;        ; 11.893 ;
; x2         ; output[3]   ; 8.694  ; 8.670  ; 9.155  ; 9.114  ;
; x2         ; output[4]   ;        ; 8.456  ; 8.938  ;        ;
; x2         ; output[5]   ; 10.963 ;        ;        ; 11.463 ;
; x2         ; output[6]   ; 9.660  ; 9.703  ; 10.070 ; 10.171 ;
; x3         ; output[0]   ; 11.916 ; 11.910 ; 12.291 ; 12.277 ;
; x3         ; output[1]   ; 11.774 ; 11.730 ; 12.149 ; 12.097 ;
; x3         ; output[2]   ; 11.453 ; 11.417 ; 11.828 ; 11.784 ;
; x3         ; output[3]   ; 8.707  ; 8.645  ; 9.081  ; 9.011  ;
; x3         ; output[4]   ; 8.419  ;        ;        ; 8.728  ;
; x3         ; output[5]   ; 10.984 ;        ;        ; 11.369 ;
; x3         ; output[6]   ; 9.624  ;        ;        ; 10.071 ;
+------------+-------------+--------+--------+--------+--------+


----------------------------------------------
; Slow 1200mV 85C Model Metastability Report ;
----------------------------------------------
No synchronizer chains to report.


-------------------------------------
; Slow 1200mV 0C Model Fmax Summary ;
-------------------------------------
No paths to report.


--------------------------------------
; Slow 1200mV 0C Model Setup Summary ;
--------------------------------------
No paths to report.


-------------------------------------
; Slow 1200mV 0C Model Hold Summary ;
-------------------------------------
No paths to report.


-----------------------------------------
; Slow 1200mV 0C Model Recovery Summary ;
-----------------------------------------
No paths to report.


----------------------------------------
; Slow 1200mV 0C Model Removal Summary ;
----------------------------------------
No paths to report.


----------------------------------------------------
; Slow 1200mV 0C Model Minimum Pulse Width Summary ;
----------------------------------------------------
No paths to report.


+--------------------------------------------------------------+
; Propagation Delay                                            ;
+------------+-------------+--------+--------+--------+--------+
; Input Port ; Output Port ; RR     ; RF     ; FR     ; FF     ;
+------------+-------------+--------+--------+--------+--------+
; x0         ; output[0]   ;        ; 10.915 ; 11.338 ;        ;
; x0         ; output[1]   ; 10.806 ;        ;        ; 10.916 ;
; x0         ; output[2]   ; 10.648 ;        ;        ; 10.731 ;
; x0         ; output[3]   ;        ; 7.869  ; 8.188  ;        ;
; x0         ; output[4]   ;        ; 7.604  ; 7.906  ;        ;
; x0         ; output[5]   ;        ; 9.958  ; 10.270 ;        ;
; x0         ; output[6]   ;        ; 8.907  ; 9.071  ;        ;
; x1         ; output[0]   ; 11.342 ; 11.136 ; 11.564 ; 11.458 ;
; x1         ; output[1]   ; 11.053 ;        ;        ; 11.203 ;
; x1         ; output[2]   ; 10.890 ; 10.742 ; 11.203 ; 10.963 ;
; x1         ; output[3]   ; 8.207  ; 8.104  ; 8.430  ; 8.427  ;
; x1         ; output[4]   ; 7.917  ;        ;        ; 8.154  ;
; x1         ; output[5]   ;        ; 10.249 ; 10.578 ;        ;
; x1         ; output[6]   ; 9.032  ; 9.171  ; 9.347  ; 9.426  ;
; x2         ; output[0]   ;        ; 11.169 ; 11.600 ;        ;
; x2         ; output[1]   ; 11.019 ; 10.834 ; 11.273 ; 11.165 ;
; x2         ; output[2]   ; 10.870 ;        ;        ; 10.959 ;
; x2         ; output[3]   ; 8.098  ; 8.133  ; 8.461  ; 8.340  ;
; x2         ; output[4]   ;        ; 7.863  ; 8.174  ;        ;
; x2         ; output[5]   ; 10.245 ;        ;        ; 10.466 ;
; x2         ; output[6]   ; 8.992  ; 9.136  ; 9.307  ; 9.378  ;
; x3         ; output[0]   ; 11.265 ; 11.090 ; 11.478 ; 11.298 ;
; x3         ; output[1]   ; 10.981 ; 10.811 ; 11.193 ; 11.018 ;
; x3         ; output[2]   ; 10.822 ; 10.625 ; 11.035 ; 10.833 ;
; x3         ; output[3]   ; 8.116  ; 8.044  ; 8.329  ; 8.252  ;
; x3         ; output[4]   ; 7.834  ;        ;        ; 7.987  ;
; x3         ; output[5]   ; 10.197 ;        ;        ; 10.341 ;
; x3         ; output[6]   ; 8.966  ;        ;        ; 9.294  ;
+------------+-------------+--------+--------+--------+--------+


+--------------------------------------------------------------+
; Minimum Propagation Delay                                    ;
+------------+-------------+--------+--------+--------+--------+
; Input Port ; Output Port ; RR     ; RF     ; FR     ; FF     ;
+------------+-------------+--------+--------+--------+--------+
; x0         ; output[0]   ;        ; 10.508 ; 10.913 ;        ;
; x0         ; output[1]   ; 10.449 ;        ;        ; 10.555 ;
; x0         ; output[2]   ; 10.250 ;        ;        ; 10.328 ;
; x0         ; output[3]   ;        ; 7.580  ; 7.886  ;        ;
; x0         ; output[4]   ;        ; 7.326  ; 7.616  ;        ;
; x0         ; output[5]   ;        ; 9.636  ; 9.932  ;        ;
; x0         ; output[6]   ;        ; 8.575  ; 8.732  ;        ;
; x1         ; output[0]   ; 10.920 ; 10.722 ; 11.130 ; 11.028 ;
; x1         ; output[1]   ; 10.649 ;        ;        ; 10.750 ;
; x1         ; output[2]   ; 10.484 ; 10.342 ; 10.784 ; 10.552 ;
; x1         ; output[3]   ; 7.838  ; 7.807  ; 8.117  ; 8.070  ;
; x1         ; output[4]   ; 7.628  ;        ;        ; 7.852  ;
; x1         ; output[5]   ;        ; 9.851  ; 10.151 ;        ;
; x1         ; output[6]   ; 8.698  ; 8.780  ; 8.933  ; 9.075  ;
; x2         ; output[0]   ;        ; 10.691 ; 11.096 ;        ;
; x2         ; output[1]   ; 10.646 ; 10.479 ; 10.898 ; 10.749 ;
; x2         ; output[2]   ; 10.452 ;        ;        ; 10.518 ;
; x2         ; output[3]   ; 7.800  ; 7.772  ; 8.078  ; 8.031  ;
; x2         ; output[4]   ;        ; 7.576  ; 7.873  ;        ;
; x2         ; output[5]   ; 9.838  ;        ;        ; 10.079 ;
; x2         ; output[6]   ; 8.660  ; 8.747  ; 8.895  ; 9.028  ;
; x3         ; output[0]   ; 10.846 ; 10.677 ; 11.048 ; 10.874 ;
; x3         ; output[1]   ; 10.619 ; 10.456 ; 10.822 ; 10.654 ;
; x3         ; output[2]   ; 10.420 ; 10.229 ; 10.622 ; 10.426 ;
; x3         ; output[3]   ; 7.819  ; 7.749  ; 8.021  ; 7.946  ;
; x3         ; output[4]   ; 7.549  ;        ;        ; 7.692  ;
; x3         ; output[5]   ; 9.865  ;        ;        ; 10.003 ;
; x3         ; output[6]   ; 8.634  ;        ;        ; 8.948  ;
+------------+-------------+--------+--------+--------+--------+


---------------------------------------------
; Slow 1200mV 0C Model Metastability Report ;
---------------------------------------------
No synchronizer chains to report.


--------------------------------------
; Fast 1200mV 0C Model Setup Summary ;
--------------------------------------
No paths to report.


-------------------------------------
; Fast 1200mV 0C Model Hold Summary ;
-------------------------------------
No paths to report.


-----------------------------------------
; Fast 1200mV 0C Model Recovery Summary ;
-----------------------------------------
No paths to report.


----------------------------------------
; Fast 1200mV 0C Model Removal Summary ;
----------------------------------------
No paths to report.


----------------------------------------------------
; Fast 1200mV 0C Model Minimum Pulse Width Summary ;
----------------------------------------------------
No paths to report.


+----------------------------------------------------------+
; Propagation Delay                                        ;
+------------+-------------+-------+-------+-------+-------+
; Input Port ; Output Port ; RR    ; RF    ; FR    ; FF    ;
+------------+-------------+-------+-------+-------+-------+
; x0         ; output[0]   ;       ; 6.566 ; 6.962 ;       ;
; x0         ; output[1]   ; 6.396 ;       ;       ; 7.266 ;
; x0         ; output[2]   ; 6.022 ;       ;       ; 6.942 ;
; x0         ; output[3]   ;       ; 4.641 ; 5.268 ;       ;
; x0         ; output[4]   ;       ; 4.472 ; 5.121 ;       ;
; x0         ; output[5]   ;       ; 6.149 ; 6.666 ;       ;
; x0         ; output[6]   ;       ; 5.119 ; 5.909 ;       ;
; x1         ; output[0]   ; 6.434 ; 6.682 ; 7.104 ; 7.405 ;
; x1         ; output[1]   ; 6.537 ;       ;       ; 7.442 ;
; x1         ; output[2]   ; 6.156 ; 6.416 ; 6.885 ; 7.082 ;
; x1         ; output[3]   ; 4.754 ; 4.770 ; 5.425 ; 5.494 ;
; x1         ; output[4]   ; 4.598 ;       ;       ; 5.317 ;
; x1         ; output[5]   ;       ; 6.308 ; 6.861 ;       ;
; x1         ; output[6]   ; 5.361 ; 5.271 ; 6.076 ; 5.967 ;
; x2         ; output[0]   ;       ; 6.687 ; 7.116 ;       ;
; x2         ; output[1]   ; 6.498 ; 6.674 ; 7.197 ; 7.404 ;
; x2         ; output[2]   ; 6.127 ;       ;       ; 7.065 ;
; x2         ; output[3]   ; 4.677 ; 4.771 ; 5.433 ; 5.438 ;
; x2         ; output[4]   ;       ; 4.597 ; 5.280 ;       ;
; x2         ; output[5]   ; 6.103 ;       ;       ; 6.958 ;
; x2         ; output[6]   ; 5.321 ; 5.232 ; 6.040 ; 5.924 ;
; x3         ; output[0]   ; 6.380 ; 6.655 ; 7.071 ; 7.339 ;
; x3         ; output[1]   ; 6.483 ; 6.670 ; 7.173 ; 7.353 ;
; x3         ; output[2]   ; 6.108 ; 6.345 ; 6.799 ; 7.029 ;
; x3         ; output[3]   ; 4.687 ; 4.730 ; 5.378 ; 5.414 ;
; x3         ; output[4]   ; 4.539 ;       ;       ; 5.245 ;
; x3         ; output[5]   ; 6.084 ;       ;       ; 6.922 ;
; x3         ; output[6]   ; 5.313 ;       ;       ; 5.896 ;
+------------+-------------+-------+-------+-------+-------+


+----------------------------------------------------------+
; Minimum Propagation Delay                                ;
+------------+-------------+-------+-------+-------+-------+
; Input Port ; Output Port ; RR    ; RF    ; FR    ; FF    ;
+------------+-------------+-------+-------+-------+-------+
; x0         ; output[0]   ;       ; 6.330 ; 6.727 ;       ;
; x0         ; output[1]   ; 6.205 ;       ;       ; 7.058 ;
; x0         ; output[2]   ; 5.808 ;       ;       ; 6.709 ;
; x0         ; output[3]   ;       ; 4.483 ; 5.101 ;       ;
; x0         ; output[4]   ;       ; 4.320 ; 4.960 ;       ;
; x0         ; output[5]   ;       ; 5.970 ; 6.480 ;       ;
; x0         ; output[6]   ;       ; 4.942 ; 5.717 ;       ;
; x1         ; output[0]   ; 6.205 ; 6.443 ; 6.864 ; 7.154 ;
; x1         ; output[1]   ; 6.317 ;       ;       ; 7.180 ;
; x1         ; output[2]   ; 5.937 ; 6.186 ; 6.653 ; 6.843 ;
; x1         ; output[3]   ; 4.557 ; 4.608 ; 5.252 ; 5.304 ;
; x1         ; output[4]   ; 4.444 ;       ;       ; 5.150 ;
; x1         ; output[5]   ;       ; 6.083 ; 6.619 ;       ;
; x1         ; output[6]   ; 5.175 ; 5.060 ; 5.845 ; 5.773 ;
; x2         ; output[0]   ;       ; 6.408 ; 6.835 ;       ;
; x2         ; output[1]   ; 6.303 ; 6.473 ; 6.990 ; 7.166 ;
; x2         ; output[2]   ; 5.903 ;       ;       ; 6.813 ;
; x2         ; output[3]   ; 4.518 ; 4.569 ; 5.218 ; 5.265 ;
; x2         ; output[4]   ;       ; 4.441 ; 5.113 ;       ;
; x2         ; output[5]   ; 5.889 ;       ;       ; 6.744 ;
; x2         ; output[6]   ; 5.136 ; 5.022 ; 5.810 ; 5.731 ;
; x3         ; output[0]   ; 6.152 ; 6.417 ; 6.833 ; 7.091 ;
; x3         ; output[1]   ; 6.287 ; 6.469 ; 6.967 ; 7.142 ;
; x3         ; output[2]   ; 5.890 ; 6.119 ; 6.571 ; 6.793 ;
; x3         ; output[3]   ; 4.527 ; 4.570 ; 5.207 ; 5.243 ;
; x3         ; output[4]   ; 4.386 ;       ;       ; 5.081 ;
; x3         ; output[5]   ; 5.906 ;       ;       ; 6.730 ;
; x3         ; output[6]   ; 5.129 ;       ;       ; 5.704 ;
+------------+-------------+-------+-------+-------+-------+


---------------------------------------------
; Fast 1200mV 0C Model Metastability Report ;
---------------------------------------------
No synchronizer chains to report.


+----------------------------------------------------------------------------+
; Multicorner Timing Analysis Summary                                        ;
+------------------+-------+------+----------+---------+---------------------+
; Clock            ; Setup ; Hold ; Recovery ; Removal ; Minimum Pulse Width ;
+------------------+-------+------+----------+---------+---------------------+
; Worst-case Slack ; N/A   ; N/A  ; N/A      ; N/A     ; N/A                 ;
; Design-wide TNS  ; 0.0   ; 0.0  ; 0.0      ; 0.0     ; 0.0                 ;
+------------------+-------+------+----------+---------+---------------------+


+--------------------------------------------------------------+
; Progagation Delay                                            ;
+------------+-------------+--------+--------+--------+--------+
; Input Port ; Output Port ; RR     ; RF     ; FR     ; FF     ;
+------------+-------------+--------+--------+--------+--------+
; x0         ; output[0]   ;        ; 12.174 ; 12.598 ;        ;
; x0         ; output[1]   ; 11.976 ;        ;        ; 12.383 ;
; x0         ; output[2]   ; 11.697 ;        ;        ; 12.118 ;
; x0         ; output[3]   ;        ; 8.778  ; 9.261  ;        ;
; x0         ; output[4]   ;        ; 8.483  ; 8.961  ;        ;
; x0         ; output[5]   ;        ; 11.175 ; 11.579 ;        ;
; x0         ; output[6]   ;        ; 9.875  ; 10.255 ;        ;
; x1         ; output[0]   ; 12.458 ; 12.417 ; 12.856 ; 12.923 ;
; x1         ; output[1]   ; 12.246 ;        ;        ; 12.704 ;
; x1         ; output[2]   ; 11.963 ; 11.985 ; 12.469 ; 12.377 ;
; x1         ; output[3]   ; 9.135  ; 9.034  ; 9.535  ; 9.542  ;
; x1         ; output[4]   ; 8.827  ;        ;        ; 9.239  ;
; x1         ; output[5]   ;        ; 11.497 ; 11.929 ;        ;
; x1         ; output[6]   ; 10.068 ; 10.167 ; 10.561 ; 10.605 ;
; x2         ; output[0]   ;        ; 12.449 ; 12.896 ;        ;
; x2         ; output[1]   ; 12.201 ; 12.140 ; 12.646 ; 12.661 ;
; x2         ; output[2]   ; 11.937 ;        ;        ; 12.372 ;
; x2         ; output[3]   ; 9.009  ; 9.062  ; 9.569  ; 9.447  ;
; x2         ; output[4]   ;        ; 8.762  ; 9.263  ;        ;
; x2         ; output[5]   ; 11.398 ;        ;        ; 11.885 ;
; x2         ; output[6]   ; 10.016 ; 10.121 ; 10.517 ; 10.549 ;
; x3         ; output[0]   ; 12.359 ; 12.356 ; 12.749 ; 12.737 ;
; x3         ; output[1]   ; 12.157 ; 12.109 ; 12.546 ; 12.489 ;
; x3         ; output[2]   ; 11.878 ; 11.843 ; 12.268 ; 12.224 ;
; x3         ; output[3]   ; 9.023  ; 8.960  ; 9.413  ; 9.341  ;
; x3         ; output[4]   ; 8.722  ;        ;        ; 9.046  ;
; x3         ; output[5]   ; 11.340 ;        ;        ; 11.737 ;
; x3         ; output[6]   ; 9.981  ;        ;        ; 10.445 ;
+------------+-------------+--------+--------+--------+--------+


+----------------------------------------------------------+
; Minimum Progagation Delay                                ;
+------------+-------------+-------+-------+-------+-------+
; Input Port ; Output Port ; RR    ; RF    ; FR    ; FF    ;
+------------+-------------+-------+-------+-------+-------+
; x0         ; output[0]   ;       ; 6.330 ; 6.727 ;       ;
; x0         ; output[1]   ; 6.205 ;       ;       ; 7.058 ;
; x0         ; output[2]   ; 5.808 ;       ;       ; 6.709 ;
; x0         ; output[3]   ;       ; 4.483 ; 5.101 ;       ;
; x0         ; output[4]   ;       ; 4.320 ; 4.960 ;       ;
; x0         ; output[5]   ;       ; 5.970 ; 6.480 ;       ;
; x0         ; output[6]   ;       ; 4.942 ; 5.717 ;       ;
; x1         ; output[0]   ; 6.205 ; 6.443 ; 6.864 ; 7.154 ;
; x1         ; output[1]   ; 6.317 ;       ;       ; 7.180 ;
; x1         ; output[2]   ; 5.937 ; 6.186 ; 6.653 ; 6.843 ;
; x1         ; output[3]   ; 4.557 ; 4.608 ; 5.252 ; 5.304 ;
; x1         ; output[4]   ; 4.444 ;       ;       ; 5.150 ;
; x1         ; output[5]   ;       ; 6.083 ; 6.619 ;       ;
; x1         ; output[6]   ; 5.175 ; 5.060 ; 5.845 ; 5.773 ;
; x2         ; output[0]   ;       ; 6.408 ; 6.835 ;       ;
; x2         ; output[1]   ; 6.303 ; 6.473 ; 6.990 ; 7.166 ;
; x2         ; output[2]   ; 5.903 ;       ;       ; 6.813 ;
; x2         ; output[3]   ; 4.518 ; 4.569 ; 5.218 ; 5.265 ;
; x2         ; output[4]   ;       ; 4.441 ; 5.113 ;       ;
; x2         ; output[5]   ; 5.889 ;       ;       ; 6.744 ;
; x2         ; output[6]   ; 5.136 ; 5.022 ; 5.810 ; 5.731 ;
; x3         ; output[0]   ; 6.152 ; 6.417 ; 6.833 ; 7.091 ;
; x3         ; output[1]   ; 6.287 ; 6.469 ; 6.967 ; 7.142 ;
; x3         ; output[2]   ; 5.890 ; 6.119 ; 6.571 ; 6.793 ;
; x3         ; output[3]   ; 4.527 ; 4.570 ; 5.207 ; 5.243 ;
; x3         ; output[4]   ; 4.386 ;       ;       ; 5.081 ;
; x3         ; output[5]   ; 5.906 ;       ;       ; 6.730 ;
; x3         ; output[6]   ; 5.129 ;       ;       ; 5.704 ;
+------------+-------------+-------+-------+-------+-------+


+------------------------------------------------------------------------------------------------------------------------------------------------------------------------------------------------------------------------------------------------------------------------------------------------------------------------------------------------------------------------------------------------------------------+
; Board Trace Model Assignments                                                                                                                                                                                                                                                                                                                                                                                    ;
+---------------+--------------+-------------------+-------------------------+-------------------------+---------------+---------------------+----------------+------------------+--------+------------------+------------------------+------------------------+--------------+---------------+-----------------+-------+---------------------+--------------------+---------------+-----------------+-------------+
; Pin           ; I/O Standard ; Near Tline Length ; Near Tline L per Length ; Near Tline C per Length ; Near Series R ; Near Differential R ; Near Pull-up R ; Near Pull-down R ; Near C ; Far Tline Length ; Far Tline L per Length ; Far Tline C per Length ; Far Series R ; Far Pull-up R ; Far Pull-down R ; Far C ; Termination Voltage ; Far Differential R ; EBD File Name ; EBD Signal Name ; EBD Far-end ;
+---------------+--------------+-------------------+-------------------------+-------------------------+---------------+---------------------+----------------+------------------+--------+------------------+------------------------+------------------------+--------------+---------------+-----------------+-------+---------------------+--------------------+---------------+-----------------+-------------+
; output[0]     ; 2.5 V        ; 0 in              ; 0 H/in                  ; 0 F/in                  ; short         ; -                   ; open           ; open             ; open   ; 0 in             ; 0 H/in                 ; 0 F/in                 ; short        ; open          ; open            ; open  ; 0 V                 ; -                  ; n/a           ; n/a             ; n/a         ;
; output[1]     ; 2.5 V        ; 0 in              ; 0 H/in                  ; 0 F/in                  ; short         ; -                   ; open           ; open             ; open   ; 0 in             ; 0 H/in                 ; 0 F/in                 ; short        ; open          ; open            ; open  ; 0 V                 ; -                  ; n/a           ; n/a             ; n/a         ;
; output[2]     ; 2.5 V        ; 0 in              ; 0 H/in                  ; 0 F/in                  ; short         ; -                   ; open           ; open             ; open   ; 0 in             ; 0 H/in                 ; 0 F/in                 ; short        ; open          ; open            ; open  ; 0 V                 ; -                  ; n/a           ; n/a             ; n/a         ;
; output[3]     ; 2.5 V        ; 0 in              ; 0 H/in                  ; 0 F/in                  ; short         ; -                   ; open           ; open             ; open   ; 0 in             ; 0 H/in                 ; 0 F/in                 ; short        ; open          ; open            ; open  ; 0 V                 ; -                  ; n/a           ; n/a             ; n/a         ;
; output[4]     ; 2.5 V        ; 0 in              ; 0 H/in                  ; 0 F/in                  ; short         ; -                   ; open           ; open             ; open   ; 0 in             ; 0 H/in                 ; 0 F/in                 ; short        ; open          ; open            ; open  ; 0 V                 ; -                  ; n/a           ; n/a             ; n/a         ;
; output[5]     ; 2.5 V        ; 0 in              ; 0 H/in                  ; 0 F/in                  ; short         ; -                   ; open           ; open             ; open   ; 0 in             ; 0 H/in                 ; 0 F/in                 ; short        ; open          ; open            ; open  ; 0 V                 ; -                  ; n/a           ; n/a             ; n/a         ;
; output[6]     ; 2.5 V        ; 0 in              ; 0 H/in                  ; 0 F/in                  ; short         ; -                   ; open           ; open             ; open   ; 0 in             ; 0 H/in                 ; 0 F/in                 ; short        ; open          ; open            ; open  ; 0 V                 ; -                  ; n/a           ; n/a             ; n/a         ;
; ~ALTERA_DCLK~ ; 2.5 V        ; 0 in              ; 0 H/in                  ; 0 F/in                  ; short         ; -                   ; open           ; open             ; open   ; 0 in             ; 0 H/in                 ; 0 F/in                 ; short        ; open          ; open            ; open  ; 0 V                 ; -                  ; n/a           ; n/a             ; n/a         ;
; ~ALTERA_nCEO~ ; 2.5 V        ; 0 in              ; 0 H/in                  ; 0 F/in                  ; short         ; -                   ; open           ; open             ; open   ; 0 in             ; 0 H/in                 ; 0 F/in                 ; short        ; open          ; open            ; open  ; 0 V                 ; -                  ; n/a           ; n/a             ; n/a         ;
+---------------+--------------+-------------------+-------------------------+-------------------------+---------------+---------------------+----------------+------------------+--------+------------------+------------------------+------------------------+--------------+---------------+-----------------+-------+---------------------+--------------------+---------------+-----------------+-------------+


+----------------------------------------------------------------------------+
; Input Transition Times                                                     ;
+-------------------------+--------------+-----------------+-----------------+
; Pin                     ; I/O Standard ; 10-90 Rise Time ; 90-10 Fall Time ;
+-------------------------+--------------+-----------------+-----------------+
; k0                      ; 2.5 V        ; 2000 ps         ; 2000 ps         ;
; k1                      ; 2.5 V        ; 2000 ps         ; 2000 ps         ;
; x3                      ; 2.5 V        ; 2000 ps         ; 2000 ps         ;
; x2                      ; 2.5 V        ; 2000 ps         ; 2000 ps         ;
; x1                      ; 2.5 V        ; 2000 ps         ; 2000 ps         ;
; x0                      ; 2.5 V        ; 2000 ps         ; 2000 ps         ;
; ~ALTERA_ASDO_DATA1~     ; 2.5 V        ; 2000 ps         ; 2000 ps         ;
; ~ALTERA_FLASH_nCE_nCSO~ ; 2.5 V        ; 2000 ps         ; 2000 ps         ;
; ~ALTERA_DATA0~          ; 2.5 V        ; 2000 ps         ; 2000 ps         ;
+-------------------------+--------------+-----------------+-----------------+


+--------------------------------------------------------------------------------------------------------------------------------------------------------------------------------------------------------------------------------------------------------------------------------------------------------------------------------------------------------------------------------------------------------------------------------------------------------------------------------------------------------------------------------------------------------------------------------------------------------------------------------------------------------------------------------------------+
; Signal Integrity Metrics (Slow 1200mv 0c Model)                                                                                                                                                                                                                                                                                                                                                                                                                                                                                                                                                                                                                                            ;
+---------------+--------------+---------------------+---------------------+------------------------------+------------------------------+---------------------+---------------------+--------------------------------------+--------------------------------------+-----------------------------+-----------------------------+----------------------------+----------------------------+-----------------------------+-----------------------------+--------------------+--------------------+-------------------------------------+-------------------------------------+----------------------------+----------------------------+---------------------------+---------------------------+
; Pin           ; I/O Standard ; Board Delay on Rise ; Board Delay on Fall ; Steady State Voh at FPGA Pin ; Steady State Vol at FPGA Pin ; Voh Max at FPGA Pin ; Vol Min at FPGA Pin ; Ringback Voltage on Rise at FPGA Pin ; Ringback Voltage on Fall at FPGA Pin ; 10-90 Rise Time at FPGA Pin ; 90-10 Fall Time at FPGA Pin ; Monotonic Rise at FPGA Pin ; Monotonic Fall at FPGA Pin ; Steady State Voh at Far-end ; Steady State Vol at Far-end ; Voh Max at Far-end ; Vol Min at Far-end ; Ringback Voltage on Rise at Far-end ; Ringback Voltage on Fall at Far-end ; 10-90 Rise Time at Far-end ; 90-10 Fall Time at Far-end ; Monotonic Rise at Far-end ; Monotonic Fall at Far-end ;
+---------------+--------------+---------------------+---------------------+------------------------------+------------------------------+---------------------+---------------------+--------------------------------------+--------------------------------------+-----------------------------+-----------------------------+----------------------------+----------------------------+-----------------------------+-----------------------------+--------------------+--------------------+-------------------------------------+-------------------------------------+----------------------------+----------------------------+---------------------------+---------------------------+
; output[0]     ; 2.5 V        ; 0 s                 ; 0 s                 ; 2.32 V                       ; 4.49e-09 V                   ; 2.38 V              ; -0.00552 V          ; 0.096 V                              ; 0.019 V                              ; 4.18e-10 s                  ; 3.59e-10 s                  ; No                         ; Yes                        ; 2.32 V                      ; 4.49e-09 V                  ; 2.38 V             ; -0.00552 V         ; 0.096 V                             ; 0.019 V                             ; 4.18e-10 s                 ; 3.59e-10 s                 ; No                        ; Yes                       ;
; output[1]     ; 2.5 V        ; 0 s                 ; 0 s                 ; 2.32 V                       ; 4.49e-09 V                   ; 2.33 V              ; -0.00467 V          ; 0.226 V                              ; 0.087 V                              ; 2.91e-09 s                  ; 2.74e-09 s                  ; Yes                        ; Yes                        ; 2.32 V                      ; 4.49e-09 V                  ; 2.33 V             ; -0.00467 V         ; 0.226 V                             ; 0.087 V                             ; 2.91e-09 s                 ; 2.74e-09 s                 ; Yes                       ; Yes                       ;
; output[2]     ; 2.5 V        ; 0 s                 ; 0 s                 ; 2.32 V                       ; 4.49e-09 V                   ; 2.38 V              ; -0.00552 V          ; 0.096 V                              ; 0.019 V                              ; 4.18e-10 s                  ; 3.59e-10 s                  ; No                         ; Yes                        ; 2.32 V                      ; 4.49e-09 V                  ; 2.38 V             ; -0.00552 V         ; 0.096 V                             ; 0.019 V                             ; 4.18e-10 s                 ; 3.59e-10 s                 ; No                        ; Yes                       ;
; output[3]     ; 2.5 V        ; 0 s                 ; 0 s                 ; 2.32 V                       ; 3.07e-09 V                   ; 2.38 V              ; -0.0144 V           ; 0.227 V                              ; 0.024 V                              ; 3.14e-10 s                  ; 3.39e-10 s                  ; Yes                        ; Yes                        ; 2.32 V                      ; 3.07e-09 V                  ; 2.38 V             ; -0.0144 V          ; 0.227 V                             ; 0.024 V                             ; 3.14e-10 s                 ; 3.39e-10 s                 ; Yes                       ; Yes                       ;
; output[4]     ; 2.5 V        ; 0 s                 ; 0 s                 ; 2.32 V                       ; 3.07e-09 V                   ; 2.38 V              ; -0.0144 V           ; 0.227 V                              ; 0.024 V                              ; 3.14e-10 s                  ; 3.39e-10 s                  ; Yes                        ; Yes                        ; 2.32 V                      ; 3.07e-09 V                  ; 2.38 V             ; -0.0144 V          ; 0.227 V                             ; 0.024 V                             ; 3.14e-10 s                 ; 3.39e-10 s                 ; Yes                       ; Yes                       ;
; output[5]     ; 2.5 V        ; 0 s                 ; 0 s                 ; 2.32 V                       ; 3.07e-09 V                   ; 2.33 V              ; -0.00496 V          ; 0.223 V                              ; 0.086 V                              ; 2.9e-09 s                   ; 2.73e-09 s                  ; Yes                        ; Yes                        ; 2.32 V                      ; 3.07e-09 V                  ; 2.33 V             ; -0.00496 V         ; 0.223 V                             ; 0.086 V                             ; 2.9e-09 s                  ; 2.73e-09 s                 ; Yes                       ; Yes                       ;
; output[6]     ; 2.5 V        ; 0 s                 ; 0 s                 ; 2.32 V                       ; 3.07e-09 V                   ; 2.38 V              ; -0.0144 V           ; 0.227 V                              ; 0.024 V                              ; 3.14e-10 s                  ; 3.39e-10 s                  ; Yes                        ; Yes                        ; 2.32 V                      ; 3.07e-09 V                  ; 2.38 V             ; -0.0144 V          ; 0.227 V                             ; 0.024 V                             ; 3.14e-10 s                 ; 3.39e-10 s                 ; Yes                       ; Yes                       ;
; ~ALTERA_DCLK~ ; 2.5 V        ; 0 s                 ; 0 s                 ; 2.32 V                       ; 2.67e-09 V                   ; 2.38 V              ; -0.0485 V           ; 0.167 V                              ; 0.096 V                              ; 2.95e-10 s                  ; 2.73e-10 s                  ; Yes                        ; Yes                        ; 2.32 V                      ; 2.67e-09 V                  ; 2.38 V             ; -0.0485 V          ; 0.167 V                             ; 0.096 V                             ; 2.95e-10 s                 ; 2.73e-10 s                 ; Yes                       ; Yes                       ;
; ~ALTERA_nCEO~ ; 2.5 V        ; 0 s                 ; 0 s                 ; 2.32 V                       ; 4.18e-09 V                   ; 2.38 V              ; -0.00483 V          ; 0.152 V                              ; 0.012 V                              ; 4.81e-10 s                  ; 6.29e-10 s                  ; Yes                        ; Yes                        ; 2.32 V                      ; 4.18e-09 V                  ; 2.38 V             ; -0.00483 V         ; 0.152 V                             ; 0.012 V                             ; 4.81e-10 s                 ; 6.29e-10 s                 ; Yes                       ; Yes                       ;
+---------------+--------------+---------------------+---------------------+------------------------------+------------------------------+---------------------+---------------------+--------------------------------------+--------------------------------------+-----------------------------+-----------------------------+----------------------------+----------------------------+-----------------------------+-----------------------------+--------------------+--------------------+-------------------------------------+-------------------------------------+----------------------------+----------------------------+---------------------------+---------------------------+


+--------------------------------------------------------------------------------------------------------------------------------------------------------------------------------------------------------------------------------------------------------------------------------------------------------------------------------------------------------------------------------------------------------------------------------------------------------------------------------------------------------------------------------------------------------------------------------------------------------------------------------------------------------------------------------------------+
; Signal Integrity Metrics (Slow 1200mv 85c Model)                                                                                                                                                                                                                                                                                                                                                                                                                                                                                                                                                                                                                                           ;
+---------------+--------------+---------------------+---------------------+------------------------------+------------------------------+---------------------+---------------------+--------------------------------------+--------------------------------------+-----------------------------+-----------------------------+----------------------------+----------------------------+-----------------------------+-----------------------------+--------------------+--------------------+-------------------------------------+-------------------------------------+----------------------------+----------------------------+---------------------------+---------------------------+
; Pin           ; I/O Standard ; Board Delay on Rise ; Board Delay on Fall ; Steady State Voh at FPGA Pin ; Steady State Vol at FPGA Pin ; Voh Max at FPGA Pin ; Vol Min at FPGA Pin ; Ringback Voltage on Rise at FPGA Pin ; Ringback Voltage on Fall at FPGA Pin ; 10-90 Rise Time at FPGA Pin ; 90-10 Fall Time at FPGA Pin ; Monotonic Rise at FPGA Pin ; Monotonic Fall at FPGA Pin ; Steady State Voh at Far-end ; Steady State Vol at Far-end ; Voh Max at Far-end ; Vol Min at Far-end ; Ringback Voltage on Rise at Far-end ; Ringback Voltage on Fall at Far-end ; 10-90 Rise Time at Far-end ; 90-10 Fall Time at Far-end ; Monotonic Rise at Far-end ; Monotonic Fall at Far-end ;
+---------------+--------------+---------------------+---------------------+------------------------------+------------------------------+---------------------+---------------------+--------------------------------------+--------------------------------------+-----------------------------+-----------------------------+----------------------------+----------------------------+-----------------------------+-----------------------------+--------------------+--------------------+-------------------------------------+-------------------------------------+----------------------------+----------------------------+---------------------------+---------------------------+
; output[0]     ; 2.5 V        ; 0 s                 ; 0 s                 ; 2.32 V                       ; 6.92e-07 V                   ; 2.35 V              ; -0.00996 V          ; 0.121 V                              ; 0.03 V                               ; 4.64e-10 s                  ; 4.47e-10 s                  ; Yes                        ; Yes                        ; 2.32 V                      ; 6.92e-07 V                  ; 2.35 V             ; -0.00996 V         ; 0.121 V                             ; 0.03 V                              ; 4.64e-10 s                 ; 4.47e-10 s                 ; Yes                       ; Yes                       ;
; output[1]     ; 2.5 V        ; 0 s                 ; 0 s                 ; 2.32 V                       ; 6.92e-07 V                   ; 2.33 V              ; -0.00265 V          ; 0.133 V                              ; 0.056 V                              ; 3.55e-09 s                  ; 3.31e-09 s                  ; Yes                        ; Yes                        ; 2.32 V                      ; 6.92e-07 V                  ; 2.33 V             ; -0.00265 V         ; 0.133 V                             ; 0.056 V                             ; 3.55e-09 s                 ; 3.31e-09 s                 ; Yes                       ; Yes                       ;
; output[2]     ; 2.5 V        ; 0 s                 ; 0 s                 ; 2.32 V                       ; 6.92e-07 V                   ; 2.35 V              ; -0.00996 V          ; 0.121 V                              ; 0.03 V                               ; 4.64e-10 s                  ; 4.47e-10 s                  ; Yes                        ; Yes                        ; 2.32 V                      ; 6.92e-07 V                  ; 2.35 V             ; -0.00996 V         ; 0.121 V                             ; 0.03 V                              ; 4.64e-10 s                 ; 4.47e-10 s                 ; Yes                       ; Yes                       ;
; output[3]     ; 2.5 V        ; 0 s                 ; 0 s                 ; 2.32 V                       ; 4.67e-07 V                   ; 2.36 V              ; -0.00552 V          ; 0.11 V                               ; 0.007 V                              ; 4.54e-10 s                  ; 4.35e-10 s                  ; Yes                        ; Yes                        ; 2.32 V                      ; 4.67e-07 V                  ; 2.36 V             ; -0.00552 V         ; 0.11 V                              ; 0.007 V                             ; 4.54e-10 s                 ; 4.35e-10 s                 ; Yes                       ; Yes                       ;
; output[4]     ; 2.5 V        ; 0 s                 ; 0 s                 ; 2.32 V                       ; 4.67e-07 V                   ; 2.36 V              ; -0.00552 V          ; 0.11 V                               ; 0.007 V                              ; 4.54e-10 s                  ; 4.35e-10 s                  ; Yes                        ; Yes                        ; 2.32 V                      ; 4.67e-07 V                  ; 2.36 V             ; -0.00552 V         ; 0.11 V                              ; 0.007 V                             ; 4.54e-10 s                 ; 4.35e-10 s                 ; Yes                       ; Yes                       ;
; output[5]     ; 2.5 V        ; 0 s                 ; 0 s                 ; 2.32 V                       ; 4.67e-07 V                   ; 2.33 V              ; -0.00269 V          ; 0.13 V                               ; 0.055 V                              ; 3.54e-09 s                  ; 3.29e-09 s                  ; Yes                        ; Yes                        ; 2.32 V                      ; 4.67e-07 V                  ; 2.33 V             ; -0.00269 V         ; 0.13 V                              ; 0.055 V                             ; 3.54e-09 s                 ; 3.29e-09 s                 ; Yes                       ; Yes                       ;
; output[6]     ; 2.5 V        ; 0 s                 ; 0 s                 ; 2.32 V                       ; 4.67e-07 V                   ; 2.36 V              ; -0.00552 V          ; 0.11 V                               ; 0.007 V                              ; 4.54e-10 s                  ; 4.35e-10 s                  ; Yes                        ; Yes                        ; 2.32 V                      ; 4.67e-07 V                  ; 2.36 V             ; -0.00552 V         ; 0.11 V                              ; 0.007 V                             ; 4.54e-10 s                 ; 4.35e-10 s                 ; Yes                       ; Yes                       ;
; ~ALTERA_DCLK~ ; 2.5 V        ; 0 s                 ; 0 s                 ; 2.32 V                       ; 3.75e-07 V                   ; 2.35 V              ; -0.0109 V           ; 0.084 V                              ; 0.027 V                              ; 4.31e-10 s                  ; 3.61e-10 s                  ; Yes                        ; Yes                        ; 2.32 V                      ; 3.75e-07 V                  ; 2.35 V             ; -0.0109 V          ; 0.084 V                             ; 0.027 V                             ; 4.31e-10 s                 ; 3.61e-10 s                 ; Yes                       ; Yes                       ;
; ~ALTERA_nCEO~ ; 2.5 V        ; 0 s                 ; 0 s                 ; 2.32 V                       ; 6.15e-07 V                   ; 2.35 V              ; -0.00712 V          ; 0.093 V                              ; 0.02 V                               ; 6.21e-10 s                  ; 7.9e-10 s                   ; Yes                        ; Yes                        ; 2.32 V                      ; 6.15e-07 V                  ; 2.35 V             ; -0.00712 V         ; 0.093 V                             ; 0.02 V                              ; 6.21e-10 s                 ; 7.9e-10 s                  ; Yes                       ; Yes                       ;
+---------------+--------------+---------------------+---------------------+------------------------------+------------------------------+---------------------+---------------------+--------------------------------------+--------------------------------------+-----------------------------+-----------------------------+----------------------------+----------------------------+-----------------------------+-----------------------------+--------------------+--------------------+-------------------------------------+-------------------------------------+----------------------------+----------------------------+---------------------------+---------------------------+


+--------------------------------------------------------------------------------------------------------------------------------------------------------------------------------------------------------------------------------------------------------------------------------------------------------------------------------------------------------------------------------------------------------------------------------------------------------------------------------------------------------------------------------------------------------------------------------------------------------------------------------------------------------------------------------------------+
; Signal Integrity Metrics (Fast 1200mv 0c Model)                                                                                                                                                                                                                                                                                                                                                                                                                                                                                                                                                                                                                                            ;
+---------------+--------------+---------------------+---------------------+------------------------------+------------------------------+---------------------+---------------------+--------------------------------------+--------------------------------------+-----------------------------+-----------------------------+----------------------------+----------------------------+-----------------------------+-----------------------------+--------------------+--------------------+-------------------------------------+-------------------------------------+----------------------------+----------------------------+---------------------------+---------------------------+
; Pin           ; I/O Standard ; Board Delay on Rise ; Board Delay on Fall ; Steady State Voh at FPGA Pin ; Steady State Vol at FPGA Pin ; Voh Max at FPGA Pin ; Vol Min at FPGA Pin ; Ringback Voltage on Rise at FPGA Pin ; Ringback Voltage on Fall at FPGA Pin ; 10-90 Rise Time at FPGA Pin ; 90-10 Fall Time at FPGA Pin ; Monotonic Rise at FPGA Pin ; Monotonic Fall at FPGA Pin ; Steady State Voh at Far-end ; Steady State Vol at Far-end ; Voh Max at Far-end ; Vol Min at Far-end ; Ringback Voltage on Rise at Far-end ; Ringback Voltage on Fall at Far-end ; 10-90 Rise Time at Far-end ; 90-10 Fall Time at Far-end ; Monotonic Rise at Far-end ; Monotonic Fall at Far-end ;
+---------------+--------------+---------------------+---------------------+------------------------------+------------------------------+---------------------+---------------------+--------------------------------------+--------------------------------------+-----------------------------+-----------------------------+----------------------------+----------------------------+-----------------------------+-----------------------------+--------------------+--------------------+-------------------------------------+-------------------------------------+----------------------------+----------------------------+---------------------------+---------------------------+
; output[0]     ; 2.5 V        ; 0 s                 ; 0 s                 ; 2.62 V                       ; 4.05e-08 V                   ; 2.72 V              ; -0.0349 V           ; 0.173 V                              ; 0.1 V                                ; 2.72e-10 s                  ; 2.69e-10 s                  ; Yes                        ; Yes                        ; 2.62 V                      ; 4.05e-08 V                  ; 2.72 V             ; -0.0349 V          ; 0.173 V                             ; 0.1 V                               ; 2.72e-10 s                 ; 2.69e-10 s                 ; Yes                       ; Yes                       ;
; output[1]     ; 2.5 V        ; 0 s                 ; 0 s                 ; 2.62 V                       ; 4.05e-08 V                   ; 2.64 V              ; -0.0113 V           ; 0.208 V                              ; 0.179 V                              ; 2.38e-09 s                  ; 2.23e-09 s                  ; No                         ; Yes                        ; 2.62 V                      ; 4.05e-08 V                  ; 2.64 V             ; -0.0113 V          ; 0.208 V                             ; 0.179 V                             ; 2.38e-09 s                 ; 2.23e-09 s                 ; No                        ; Yes                       ;
; output[2]     ; 2.5 V        ; 0 s                 ; 0 s                 ; 2.62 V                       ; 4.05e-08 V                   ; 2.72 V              ; -0.0349 V           ; 0.173 V                              ; 0.1 V                                ; 2.72e-10 s                  ; 2.69e-10 s                  ; Yes                        ; Yes                        ; 2.62 V                      ; 4.05e-08 V                  ; 2.72 V             ; -0.0349 V          ; 0.173 V                             ; 0.1 V                               ; 2.72e-10 s                 ; 2.69e-10 s                 ; Yes                       ; Yes                       ;
; output[3]     ; 2.5 V        ; 0 s                 ; 0 s                 ; 2.62 V                       ; 2.74e-08 V                   ; 2.73 V              ; -0.0384 V           ; 0.169 V                              ; 0.089 V                              ; 2.7e-10 s                   ; 2.62e-10 s                  ; Yes                        ; Yes                        ; 2.62 V                      ; 2.74e-08 V                  ; 2.73 V             ; -0.0384 V          ; 0.169 V                             ; 0.089 V                             ; 2.7e-10 s                  ; 2.62e-10 s                 ; Yes                       ; Yes                       ;
; output[4]     ; 2.5 V        ; 0 s                 ; 0 s                 ; 2.62 V                       ; 2.74e-08 V                   ; 2.73 V              ; -0.0384 V           ; 0.169 V                              ; 0.089 V                              ; 2.7e-10 s                   ; 2.62e-10 s                  ; Yes                        ; Yes                        ; 2.62 V                      ; 2.74e-08 V                  ; 2.73 V             ; -0.0384 V          ; 0.169 V                             ; 0.089 V                             ; 2.7e-10 s                  ; 2.62e-10 s                 ; Yes                       ; Yes                       ;
; output[5]     ; 2.5 V        ; 0 s                 ; 0 s                 ; 2.62 V                       ; 2.74e-08 V                   ; 2.64 V              ; -0.0117 V           ; 0.202 V                              ; 0.176 V                              ; 2.38e-09 s                  ; 2.22e-09 s                  ; No                         ; Yes                        ; 2.62 V                      ; 2.74e-08 V                  ; 2.64 V             ; -0.0117 V          ; 0.202 V                             ; 0.176 V                             ; 2.38e-09 s                 ; 2.22e-09 s                 ; No                        ; Yes                       ;
; output[6]     ; 2.5 V        ; 0 s                 ; 0 s                 ; 2.62 V                       ; 2.74e-08 V                   ; 2.73 V              ; -0.0384 V           ; 0.169 V                              ; 0.089 V                              ; 2.7e-10 s                   ; 2.62e-10 s                  ; Yes                        ; Yes                        ; 2.62 V                      ; 2.74e-08 V                  ; 2.73 V             ; -0.0384 V          ; 0.169 V                             ; 0.089 V                             ; 2.7e-10 s                  ; 2.62e-10 s                 ; Yes                       ; Yes                       ;
; ~ALTERA_DCLK~ ; 2.5 V        ; 0 s                 ; 0 s                 ; 2.62 V                       ; 2.22e-08 V                   ; 2.74 V              ; -0.06 V             ; 0.158 V                              ; 0.08 V                               ; 2.68e-10 s                  ; 2.19e-10 s                  ; Yes                        ; Yes                        ; 2.62 V                      ; 2.22e-08 V                  ; 2.74 V             ; -0.06 V            ; 0.158 V                             ; 0.08 V                              ; 2.68e-10 s                 ; 2.19e-10 s                 ; Yes                       ; Yes                       ;
; ~ALTERA_nCEO~ ; 2.5 V        ; 0 s                 ; 0 s                 ; 2.62 V                       ; 3.54e-08 V                   ; 2.7 V               ; -0.00943 V          ; 0.276 V                              ; 0.035 V                              ; 3.19e-10 s                  ; 4.99e-10 s                  ; No                         ; Yes                        ; 2.62 V                      ; 3.54e-08 V                  ; 2.7 V              ; -0.00943 V         ; 0.276 V                             ; 0.035 V                             ; 3.19e-10 s                 ; 4.99e-10 s                 ; No                        ; Yes                       ;
+---------------+--------------+---------------------+---------------------+------------------------------+------------------------------+---------------------+---------------------+--------------------------------------+--------------------------------------+-----------------------------+-----------------------------+----------------------------+----------------------------+-----------------------------+-----------------------------+--------------------+--------------------+-------------------------------------+-------------------------------------+----------------------------+----------------------------+---------------------------+---------------------------+


-------------------
; Clock Transfers ;
-------------------
Nothing to report.


---------------
; Report TCCS ;
---------------
No dedicated SERDES Transmitter circuitry present in device or used in design


---------------
; Report RSKM ;
---------------
No dedicated SERDES Receiver circuitry present in device or used in design


+------------------------------------------------+
; Unconstrained Paths                            ;
+---------------------------------+-------+------+
; Property                        ; Setup ; Hold ;
+---------------------------------+-------+------+
; Illegal Clocks                  ; 0     ; 0    ;
; Unconstrained Clocks            ; 0     ; 0    ;
; Unconstrained Input Ports       ; 4     ; 4    ;
; Unconstrained Input Port Paths  ; 28    ; 28   ;
; Unconstrained Output Ports      ; 7     ; 7    ;
; Unconstrained Output Port Paths ; 28    ; 28   ;
+---------------------------------+-------+------+


+------------------------------------+
; TimeQuest Timing Analyzer Messages ;
+------------------------------------+
Info: *******************************************************************
Info: Running Quartus II 64-Bit TimeQuest Timing Analyzer
    Info: Version 12.1 Build 243 01/31/2013 Service Pack 1 SJ Web Edition
    Info: Processing started: Mon Apr 22 14:44:10 2013
Info: Command: quartus_sta bcd -c bcd
Info: qsta_default_script.tcl version: #1
Warning (20028): Parallel compilation is not licensed and has been disabled
Info (21077): Core supply voltage is 1.2V
Info (21077): Low junction temperature is 0 degrees C
Info (21077): High junction temperature is 85 degrees C
Critical Warning (332012): Synopsys Design Constraints File file not found: 'bcd.sdc'. A Synopsys Design Constraints File is required by the TimeQuest Timing Analyzer to get proper timing constraints. Without it, the Compiler will not properly optimize the design.
Info (332142): No user constrained base clocks found in the design. Calling "derive_clocks -period 1.0"
Info (332096): The command derive_clocks did not find any clocks to derive.  No clocks were created or changed.
Warning (332068): No clocks defined in design.
Info (332143): No user constrained clock uncertainty found in the design. Calling "derive_clock_uncertainty"
Info (332154): The derive_clock_uncertainty command did not apply clock uncertainty to any clock-to-clock transfers.
Info: Found TIMEQUEST_REPORT_SCRIPT_INCLUDE_DEFAULT_ANALYSIS = ON
Info (332159): No clocks to report
Info: Analyzing Slow 1200mV 85C Model
Info (332140): No fmax paths to report
Info (332140): No Setup paths to report
Info (332140): No Hold paths to report
Info (332140): No Recovery paths to report
Info (332140): No Removal paths to report
Info (332140): No Minimum Pulse Width paths to report
Info: Analyzing Slow 1200mV 0C Model
Info (334003): Started post-fitting delay annotation
Info (334004): Delay annotation completed successfully
Info (332142): No user constrained base clocks found in the design. Calling "derive_clocks -period 1.0"
Info (332096): The command derive_clocks did not find any clocks to derive.  No clocks were created or changed.
Warning (332068): No clocks defined in design.
Info (332154): The derive_clock_uncertainty command did not apply clock uncertainty to any clock-to-clock transfers.
Info (332140): No fmax paths to report
Info (332140): No Setup paths to report
Info (332140): No Hold paths to report
Info (332140): No Recovery paths to report
Info (332140): No Removal paths to report
Info (332140): No Minimum Pulse Width paths to report
Info: Analyzing Fast 1200mV 0C Model
Info (332142): No user constrained base clocks found in the design. Calling "derive_clocks -period 1.0"
Info (332096): The command derive_clocks did not find any clocks to derive.  No clocks were created or changed.
Warning (332068): No clocks defined in design.
Info (332154): The derive_clock_uncertainty command did not apply clock uncertainty to any clock-to-clock transfers.
Info (332140): No Setup paths to report
Info (332140): No Hold paths to report
Info (332140): No Recovery paths to report
Info (332140): No Removal paths to report
Info (332140): No Minimum Pulse Width paths to report
Info (332102): Design is not fully constrained for setup requirements
Info (332102): Design is not fully constrained for hold requirements
Info: Quartus II 64-Bit TimeQuest Timing Analyzer was successful. 0 errors, 5 warnings
    Info: Peak virtual memory: 495 megabytes
    Info: Processing ended: Mon Apr 22 14:44:26 2013
    Info: Elapsed time: 00:00:16
    Info: Total CPU time (on all processors): 00:00:05


